// Jest Snapshot v1, https://goo.gl/fbAQLP

exports[`renders a heading 1`] = `
<div>
  <div>
    <h1>
      Home
    </h1>
    <a
      href="/about"
    >
      About
    </a>
  </div>
</div>
`;
